question:
  question_id: q-001-t15
  text: Segundo a interpretação apresentada pelos autores na seção de resultados,
    qual modelo foi apontado como superior em precisão e F1 nas duas categorias de
    entidades?
  expected_answer: BiLSTM-CRF com FLAIR embeddings, treinado com a biblioteca FLAIR
  origin_doc_id: art-001
  evidence:
  - evidence_id: q-001-t15-e1
    doc_id: art-001
    page: 8
    section: 6. Resultados
    quote: 'Pode-se observar que, de acordo com os resultados apresentados na Tabela
      3 o

      modelo BiLSTM-CRF com FLAIR embeddings treinado com aux´ılio da biblioteca para

      PLN FLAIR apresentou resultados superiores com relac¸a˜o a` precisa˜o e F score
      em am-

      1

      bas as categorias de entidades anotadas na base de dados analisada. Entretanto,
      o melhor'
    chunk_ids:
    - art-001-b0023-c000
    required_group: null
  question_type: factual
  modality: text
  review_status: draft
  notes: 'Pré-anotação A01-T15. Análise automática da redação original: SOURCE_CONTRADICTION.
    A narrativa afirma superioridade em precisão e F1 nas duas classes, mas a Tabela
    3 empata F1 de legislação (FLAIR/TensorFlow: 0,89) e precisão de jurisprudência
    (FLAIR/spaCy: 0,78). Adjudicação humana: Augusto Lemonie Gilioli aprovou explicitamente
    na conversa a reformulação que atribui a conclusão à interpretação apresentada
    pelos autores. A nova pergunta recupera essa conclusão declarada; não estabelece
    superioridade absoluta a partir da tabela. A divergência permanece documentada.
    Resposta esperada, citação, página e qrel candidato preservados, com suporte na
    narrativa da seção 6.'
qrels:
- question_id: q-001-t15
  chunk_id: art-001-b0023-c000
  relevance: 1
evidence_groups: []
chunks:
- chunk_id: art-001-b0023-c000
  doc_id: art-001
  block_id: art-001-b0023
  page: 8
  section: FLAIR BiLSTM-CRF
  modality: text
  text: 'Jurisprudeˆncia 0.78 0.53 0.63

    Pode-se observar que, de acordo com os resultados apresentados na Tabela 3 o

    modelo BiLSTM-CRF com FLAIR embeddings treinado com aux´ılio da biblioteca para

    PLN FLAIR apresentou resultados superiores com relac¸a˜o a` precisa˜o e F score
    em am-

    1

    bas as categorias de entidades anotadas na base de dados analisada. Entretanto,
    o melhor

    score para recall na˜o foi alcanc¸ado por ele, mas sim pelo modelo BiLSTM-CRF
    usado

    por [LuzdeAraujoetal. 2018] em seus pro´prios experimentos. Contudo, vale ressaltar

    que a diferenc¸a entre as pontuac¸o˜es adquiridas pelo modelo do FLAIR e do TensorFlow

    na˜o foram ta˜o distantes uma da outra, o que, como pode ser visto pelo seu F
    score,

    1

    torna o modelo BiLSTM-CRF com FLAIR embeddings o modelo com melhor equil´ıbrio

    entre precisa˜o e recall. O modelo CNN com conexo˜es residuais, por sua vez, mostrou-

    se ter a pior performance entre seus pares. Quando comparado com o modelo treinado

    pelo FLAIR, ele na˜o conseguiu se sobressair em nenhuma me´trica. E´ importante
    notar,

    inclusive, que suas pontuac¸o˜es para recall e F score foram bem menores que suas
    con-

    1

    trapartes. Comparando-o com o modelo de [LuzdeAraujoetal. 2018], contudo, para
    a

    entidade de jurisprudeˆncia, o modelo do Spacy obteve uma precisa˜o levemente
    superior

    aomodelodoTensorFlow.

    Os resultados aqui expostos demonstram que abordagem que empregam modelos

    h´ıbridos, ou seja, que combinam me´todos probabil´ısticos e de aprendizado de
    ma´quina,

    conseguem trazer desempenhos superiores a`s que fazem uso de apenas de redes neurais.

    Ale´m disso, eles'
  token_count_ref: 350
  char_count: 1588
  source_block_hash: 16577a68387b311983f1b59a008a9518d3f435cf61c7fb0f018a0f8adc7ad34a

Registrado: q-001-t15 = approved; revisão: D:\rag-ptbr-retrieval-pilot\data\annotations\reviews\review-7e2e3ae2881745b0998a624c092de66f.yaml
